[
    {
        "parent_hashes": [],
        "author_name": "Default User",
        "author_email": "default@example.com",
        "commit_message": "Empty initial commit\n",
        "commit_timestamp": 1672563600,
        "file_changes": []
    },
    {
        "parent_hashes": [
            "61626435623564323839326536306235316366306435353437633166316336373439633933613666"
        ],
        "author_name": "Test User",
        "author_email": "test@example.com",
        "commit_message": "Initial commit\n",
        "commit_timestamp": 1672567200,
        "file_changes": [
            {
                "file_path": "file1.txt",
                "additions": 1,
                "deletions": 0,
                "change_type": "A",
                "old_file_path": null
            }
        ]
    },
    {
        "parent_hashes": [
            "39343662336132643238643936613363373462633364383035643765333363303731313966656664"
        ],
        "author_name": "Test User",
        "author_email": "test@example.com",
        "commit_message": "Second commit\n",
        "commit_timestamp": 1672570800,
        "file_changes": [
            {
                "file_path": "file2.txt",
                "additions": 1,
                "deletions": 0,
                "change_type": "A",
                "old_file_path": null
            }
        ]
    },
    {
        "parent_hashes": [
            "63353938353330623331373232303265626366326433663865646264653561333033643335373165"
        ],
        "author_name": "Dev User",
        "author_email": "dev@example.com",
        "commit_message": "Third commit by Dev User\n",
        "commit_timestamp": 1672574400,
        "file_changes": [
            {
                "file_path": "file1.txt",
                "additions": 1,
                "deletions": 1,
                "change_type": "M",
                "old_file_path": null
            }
        ]
    }
]