[
    {
        "parent_hash": "39343662336132643238643936613363373462633364383035643765333363303731313966656664",
        "author_name": "Test User",
        "author_email": "test@example.com",
        "commit_message": "Second commit\n",
        "commit_timestamp": 1672570800,
        "file_changes": [
            {
                "file_path": "file2.txt",
                "additions": 1,
                "deletions": 0,
                "change_type": "A",
                "old_file_path": null
            }
        ]
    }
]