[
    {
        "parent_hash": "61626435623564323839326536306235316366306435353437633166316336373439633933613666",
        "author_name": "Test User",
        "author_email": "test@example.com",
        "commit_message": "Initial commit\n",
        "commit_timestamp": 1672567200,
        "file_changes": [
            {
                "file_path": "file1.txt",
                "additions": 1,
                "deletions": 0,
                "change_type": "A",
                "old_file_path": null
            }
        ]
    },
    {
        "parent_hash": "63353938353330623331373232303265626366326433663865646264653561333033643335373165",
        "author_name": "Dev User",
        "author_email": "dev@example.com",
        "commit_message": "Third commit by Dev User\n",
        "commit_timestamp": 1672574400,
        "file_changes": [
            {
                "file_path": "file1.txt",
                "additions": 1,
                "deletions": 1,
                "change_type": "M",
                "old_file_path": null
            }
        ]
    }
]