[
    {
        "parent_hashes": [
            "abd5b5d2892e60b51cf0d5547c1f1c6749c93a6f"
        ],
        "author_name": "Test User",
        "author_email": "test@example.com",
        "commit_message": "Initial commit",
        "commit_timestamp": 1672567200,
        "file_changes": [
            {
                "file_path": "file1.txt",
                "additions": 1,
                "deletions": 0,
                "change_type": "A",
                "old_file_path": null
            }
        ]
    },
    {
        "parent_hashes": [
            "946b3a2d28d96a3c74bc3d805d7e33c07119fefd"
        ],
        "author_name": "Test User",
        "author_email": "test@example.com",
        "commit_message": "Second commit",
        "commit_timestamp": 1672570800,
        "file_changes": [
            {
                "file_path": "file2.txt",
                "additions": 1,
                "deletions": 0,
                "change_type": "A",
                "old_file_path": null
            }
        ]
    }
]